// Jest Snapshot v1, https://goo.gl/fbAQLP

exports[`Common.EmptyMessage should render a message with renderMessage when isEmpty is true 1`] = `
<div
  className="EmptyMessage "
>
  <div
    className="EmptyMessage-Sign"
  >
    Here goes an empty sign
  </div>
  <div
    className="EmptyMessage-Message"
  >
    <div
      className="message"
    />
  </div>
</div>
`;

exports[`Common.EmptyMessage should render children when isEmpty is false 1`] = `
<div
  className="children"
/>
`;
