// Jest Snapshot v1, https://goo.gl/fbAQLP

exports[`Common.ErrorMessage should render a message with renderMessage when there is an error 1`] = `
<div
  className="ErrorMessage "
>
  <div
    className="ErrorMessage-Sign"
  >
    Here goes an error sign
  </div>
  <div
    className="ErrorMessage-Message"
  >
    <div
      className="message"
    />
  </div>
</div>
`;

exports[`Common.ErrorMessage should render children when error is not passed 1`] = `
<div
  className="children"
/>
`;
